#-----------------------------------------------------------
# Vivado v2020.2 (64-bit)
# SW Build 3064766 on Wed Nov 18 09:12:45 MST 2020
# IP Build 3064653 on Wed Nov 18 14:17:31 MST 2020
# Start of session at: Fri Apr 15 22:45:13 2022
# Process ID: 9432
# Current directory: C:/Users/Cheng Xin/Documents/Alchitry/50.002-Computation-Structures-1D-Project/Game/1D Comp Struct/work/vivado/1D Comp Struct/1D Comp Struct.runs/impl_1
# Command line: vivado.exe -log au_top_0.vdi -applog -product Vivado -messageDb vivado.pb -mode batch -source au_top_0.tcl -notrace
# Log file: C:/Users/Cheng Xin/Documents/Alchitry/50.002-Computation-Structures-1D-Project/Game/1D Comp Struct/work/vivado/1D Comp Struct/1D Comp Struct.runs/impl_1/au_top_0.vdi
# Journal file: C:/Users/Cheng Xin/Documents/Alchitry/50.002-Computation-Structures-1D-Project/Game/1D Comp Struct/work/vivado/1D Comp Struct/1D Comp Struct.runs/impl_1\vivado.jou
#-----------------------------------------------------------
source au_top_0.tcl -notrace
