Copyright 1986-2020 Xilinx, Inc. All Rights Reserved.
-------------------------------------------------------------------------------------
| Tool Version : Vivado v.2020.2 (win64) Build 3064766 Wed Nov 18 09:12:45 MST 2020
| Date         : Sat Apr 16 22:09:21 2022
| Host         : DESKTOP-FBV1IIO running 64-bit major release  (build 9200)
| Command      : report_control_sets -verbose -file au_top_0_control_sets_placed.rpt
| Design       : au_top_0
| Device       : xc7a35t
-------------------------------------------------------------------------------------

Control Set Information

Table of Contents
-----------------
1. Summary
2. Histogram
3. Flip-Flop Distribution
4. Detailed Control Set Information

1. Summary
----------

+----------------------------------------------------------+-------+
|                          Status                          | Count |
+----------------------------------------------------------+-------+
| Total control sets                                       |    11 |
|    Minimum number of control sets                        |    11 |
|    Addition due to synthesis replication                 |     0 |
|    Addition due to physical synthesis replication        |     0 |
| Unused register locations in slices containing registers |    29 |
+----------------------------------------------------------+-------+
* Control sets can be merged at opt_design using control_set_merge or merge_equivalent_drivers
** Run report_qor_suggestions for automated merging and remapping suggestions


2. Histogram
------------

+--------------------+-------+
|       Fanout       | Count |
+--------------------+-------+
| Total control sets |    11 |
| >= 0 to < 4        |     0 |
| >= 4 to < 6        |     4 |
| >= 6 to < 8        |     1 |
| >= 8 to < 10       |     0 |
| >= 10 to < 12      |     0 |
| >= 12 to < 14      |     0 |
| >= 14 to < 16      |     1 |
| >= 16              |     5 |
+--------------------+-------+
* Control sets can be remapped at either synth_design or opt_design


3. Flip-Flop Distribution
-------------------------

+--------------+-----------------------+------------------------+-----------------+--------------+
| Clock Enable | Synchronous Set/Reset | Asynchronous Set/Reset | Total Registers | Total Slices |
+--------------+-----------------------+------------------------+-----------------+--------------+
| No           | No                    | No                     |               7 |            3 |
| No           | No                    | Yes                    |               0 |            0 |
| No           | Yes                   | No                     |              52 |           17 |
| Yes          | No                    | No                     |              15 |            5 |
| Yes          | No                    | Yes                    |               0 |            0 |
| Yes          | Yes                   | No                     |             161 |           36 |
+--------------+-----------------------+------------------------+-----------------+--------------+


4. Detailed Control Set Information
-----------------------------------

+----------------+------------------------------------------------------+----------------------------+------------------+----------------+--------------+
|  Clock Signal  |                     Enable Signal                    |      Set/Reset Signal      | Slice Load Count | Bel Load Count | Bels / Slice |
+----------------+------------------------------------------------------+----------------------------+------------------+----------------+--------------+
|  clk_IBUF_BUFG |                                                      | reset_cond/M_reset_cond_in |                2 |              4 |         2.00 |
|  clk_IBUF_BUFG | game_beta/game_controlunit/dec_ctr/dctr2/M_dctr2_dec | reset_cond/Q[0]            |                1 |              4 |         4.00 |
|  clk_IBUF_BUFG | game_beta/game_controlunit/dec_ctr/dctr2/E[0]        | reset_cond/Q[0]            |                2 |              4 |         2.00 |
|  clk_IBUF_BUFG | edge_detector_slow_timer/E[0]                        | reset_cond/Q[0]            |                1 |              4 |         4.00 |
|  clk_IBUF_BUFG |                                                      |                            |                3 |              7 |         2.33 |
|  clk_IBUF_BUFG | edge_detector_slow_timer/M_last_q_reg_0              |                            |                5 |             15 |         3.00 |
|  clk_IBUF_BUFG | game_beta/game_controlunit/M_p1_col2_d               | reset_cond/Q[0]            |                3 |             16 |         5.33 |
|  clk_IBUF_BUFG | edge_detector_slow_timer/M_last_q_reg_0              | reset_cond/Q[0]            |                7 |             17 |         2.43 |
|  clk_IBUF_BUFG | start_button/sel                                     | start_button/sync/clear    |                5 |             20 |         4.00 |
|  clk_IBUF_BUFG |                                                      | reset_cond/Q[0]            |               15 |             48 |         3.20 |
|  clk_IBUF_BUFG | slow_timer/E[0]                                      | reset_cond/Q[0]            |               17 |             96 |         5.65 |
+----------------+------------------------------------------------------+----------------------------+------------------+----------------+--------------+


